../Drivers/CMSIS/Include/core_cm4.h:2064:26:ITM_SendChar	16	static,ignoring_inline_asm
../Core/Src/main.c:53:6:Navigation_Init	24	static
../Core/Src/main.c:226:5:_write	32	static
../Core/Src/main.c:238:5:main	128	static,ignoring_inline_asm
../Core/Src/main.c:610:6:SystemClock_Config	88	static
../Core/Src/main.c:656:13:MX_I2C1_Init	8	static
../Core/Src/main.c:690:13:MX_SPI1_Init	8	static
../Core/Src/main.c:728:13:MX_SPI5_Init	8	static
../Core/Src/main.c:765:13:MX_TIM3_Init	48	static
../Core/Src/main.c:826:13:MX_USART1_UART_Init	8	static
../Core/Src/main.c:859:13:MX_USART2_UART_Init	8	static
../Core/Src/main.c:890:13:MX_DMA_Init	16	static
../Core/Src/main.c:924:13:MX_GPIO_Init	56	static
../Core/Src/main.c:1041:13:SPI5_ArmNextFrame	8	static
../Core/Src/main.c:1062:6:HAL_I2C_MasterTxCpltCallback	16	static
../Core/Src/main.c:1068:6:HAL_I2C_MasterRxCpltCallback	16	static
../Core/Src/main.c:1075:6:HAL_SPI_TxRxCpltCallback	16	static
../Core/Src/main.c:1086:6:Process_TELEM_Command	80	static
../Core/Src/main.c:1151:10:get_timer_channel	16	static
../Core/Src/main.c:1160:6:ESC_SetThrottle	32	static
../Core/Src/main.c:1184:6:ESC_ArmAll	16	static
../Core/Src/main.c:1212:6:Process_Lidar_DMA	16	static
../Core/Src/main.c:1237:13:I2C1_Scan	16	static
../Core/Src/main.c:1251:6:Error_Handler	4	static,ignoring_inline_asm
