../Drivers/CMSIS/Include/core_cm4.h:2064:26:ITM_SendChar	16	static,ignoring_inline_asm
../Core/Src/main.c:87:6:Navigation_Init	24	static
../Core/Src/main.c:291:5:_write	32	static
../Core/Src/main.c:303:5:main	96	static,ignoring_inline_asm
../Core/Src/main.c:587:6:SystemClock_Config	88	static
../Core/Src/main.c:633:13:MX_I2C1_Init	8	static
../Core/Src/main.c:667:13:MX_SPI1_Init	8	static
../Core/Src/main.c:705:13:MX_SPI5_Init	8	static
../Core/Src/main.c:742:13:MX_TIM3_Init	48	static
../Core/Src/main.c:803:13:MX_USART1_UART_Init	8	static
../Core/Src/main.c:836:13:MX_USART2_UART_Init	8	static
../Core/Src/main.c:867:13:MX_DMA_Init	16	static
../Core/Src/main.c:901:13:MX_GPIO_Init	56	static
../Core/Src/main.c:1017:6:start_control	128	static,ignoring_inline_asm
../Core/Src/main.c:1433:13:SPI5_ArmNextFrame	8	static
../Core/Src/main.c:1452:6:HAL_I2C_MasterTxCpltCallback	16	static
../Core/Src/main.c:1458:6:HAL_I2C_MasterRxCpltCallback	16	static
../Core/Src/main.c:1465:6:HAL_SPI_TxRxCpltCallback	16	static
../Core/Src/main.c:1475:6:HAL_SPI_ErrorCallback	16	static
../Core/Src/main.c:1493:6:Process_TELEM_Command	96	static
../Core/Src/main.c:1598:10:get_timer_channel	16	static
../Core/Src/main.c:1607:6:ESC_SetThrottle	32	static
../Core/Src/main.c:1631:6:ESC_SetThrottle_Safe	16	static
../Core/Src/main.c:1638:6:Trigger_Motor_Pulse	24	static
../Core/Src/main.c:1649:6:Update_Pulse_Manager	8	static
../Core/Src/main.c:1659:6:run_autotune_step	16	static
../Core/Src/main.c:1722:6:ESC_ArmAll	16	static
../Core/Src/main.c:1755:6:Process_Lidar_DMA	16	static
../Core/Src/main.c:1779:13:I2C1_Scan	16	static
../Core/Src/main.c:1793:6:Error_Handler	4	static,ignoring_inline_asm
