../Drivers/CMSIS/Include/core_cm4.h:2064:26:ITM_SendChar	16	static,ignoring_inline_asm
../Core/Src/main.c:109:5:_write	32	static
../Core/Src/main.c:121:5:main	320	static
../Core/Src/main.c:342:6:SystemClock_Config	88	static
../Core/Src/main.c:388:13:MX_I2C1_Init	8	static
../Core/Src/main.c:422:13:MX_SPI1_Init	8	static
../Core/Src/main.c:460:13:MX_SPI2_Init	8	static
../Core/Src/main.c:497:13:MX_SPI5_Init	8	static
../Core/Src/main.c:534:13:MX_USART1_UART_Init	8	static
../Core/Src/main.c:567:13:MX_USART2_UART_Init	8	static
../Core/Src/main.c:598:13:MX_DMA_Init	16	static
../Core/Src/main.c:625:13:MX_GPIO_Init	56	static
../Core/Src/main.c:733:6:Process_Lidar_DMA	16	static
../Core/Src/main.c:757:13:I2C1_Scan	16	static
../Core/Src/main.c:771:6:Error_Handler	4	static,ignoring_inline_asm
