../Drivers/CMSIS/Include/core_cm4.h:2064:26:ITM_SendChar	16	static,ignoring_inline_asm
../Core/Src/main.c:85:6:Navigation_Init	24	static
../Core/Src/main.c:288:5:_write	32	static
../Core/Src/main.c:300:5:main	96	static,ignoring_inline_asm
../Core/Src/main.c:585:6:SystemClock_Config	88	static
../Core/Src/main.c:631:13:MX_I2C1_Init	8	static
../Core/Src/main.c:665:13:MX_SPI1_Init	8	static
../Core/Src/main.c:703:13:MX_SPI5_Init	8	static
../Core/Src/main.c:740:13:MX_TIM3_Init	48	static
../Core/Src/main.c:801:13:MX_USART1_UART_Init	8	static
../Core/Src/main.c:834:13:MX_USART2_UART_Init	8	static
../Core/Src/main.c:865:13:MX_DMA_Init	16	static
../Core/Src/main.c:899:13:MX_GPIO_Init	56	static
../Core/Src/main.c:1015:6:start_control	112	static,ignoring_inline_asm
../Core/Src/main.c:1329:13:SPI5_ArmNextFrame	8	static
../Core/Src/main.c:1350:6:HAL_I2C_MasterTxCpltCallback	16	static
../Core/Src/main.c:1356:6:HAL_I2C_MasterRxCpltCallback	16	static
../Core/Src/main.c:1363:6:HAL_SPI_TxRxCpltCallback	16	static
../Core/Src/main.c:1374:6:Process_TELEM_Command	96	static
../Core/Src/main.c:1471:10:get_timer_channel	16	static
../Core/Src/main.c:1480:6:ESC_SetThrottle	32	static
../Core/Src/main.c:1504:6:ESC_SetThrottle_Safe	16	static
../Core/Src/main.c:1511:6:Trigger_Motor_Pulse	24	static
../Core/Src/main.c:1522:6:Update_Pulse_Manager	8	static
../Core/Src/main.c:1532:6:run_autotune_step	16	static
../Core/Src/main.c:1587:6:ESC_ArmAll	16	static
../Core/Src/main.c:1621:6:Process_Lidar_DMA	16	static
../Core/Src/main.c:1646:13:I2C1_Scan	16	static
../Core/Src/main.c:1660:6:Error_Handler	4	static,ignoring_inline_asm
