../Drivers/CMSIS/Include/core_cm4.h:2064:26:ITM_SendChar	16	static,ignoring_inline_asm
../Core/Src/main.c:124:6:Navigation_Init	24	static
../Core/Src/main.c:339:5:_write	32	static
../Core/Src/main.c:351:5:main	152	static,ignoring_inline_asm
../Core/Src/main.c:721:6:SystemClock_Config	88	static
../Core/Src/main.c:767:13:MX_I2C1_Init	8	static
../Core/Src/main.c:801:13:MX_SPI1_Init	8	static
../Core/Src/main.c:839:13:MX_SPI5_Init	8	static
../Core/Src/main.c:876:13:MX_TIM3_Init	48	static
../Core/Src/main.c:937:13:MX_USART1_UART_Init	8	static
../Core/Src/main.c:970:13:MX_USART2_UART_Init	8	static
../Core/Src/main.c:1001:13:MX_DMA_Init	16	static
../Core/Src/main.c:1035:13:MX_GPIO_Init	56	static
../Core/Src/main.c:1151:6:start_control	184	static,ignoring_inline_asm
../Core/Src/main.c:1623:13:SPI5_ArmNextFrame	16	static
../Core/Src/main.c:1652:6:HAL_I2C_MasterTxCpltCallback	16	static
../Core/Src/main.c:1658:6:HAL_I2C_MasterRxCpltCallback	16	static
../Core/Src/main.c:1665:6:HAL_SPI_TxRxCpltCallback	16	static
../Core/Src/main.c:1675:6:HAL_SPI_ErrorCallback	16	static
../Core/Src/main.c:1685:6:Process_TELEM_Command	152	static
../Core/Src/main.c:1785:10:get_timer_channel	16	static
../Core/Src/main.c:1794:6:ESC_SetThrottle	32	static
../Core/Src/main.c:1818:6:ESC_SetThrottle_Safe	16	static
../Core/Src/main.c:1825:6:Trigger_Motor_Pulse	24	static
../Core/Src/main.c:1836:6:Update_Pulse_Manager	8	static
../Core/Src/main.c:1846:6:run_autotune_step	16	static
../Core/Src/main.c:1910:6:ESC_ArmAll	16	static
../Core/Src/main.c:1945:6:Process_Lidar_DMA	16	static
../Core/Src/main.c:1969:13:I2C1_Scan	16	static
../Core/Src/main.c:1981:6:Error_Handler	4	static,ignoring_inline_asm
