../Drivers/CMSIS/Include/core_cm4.h:2064:26:ITM_SendChar	16	static,ignoring_inline_asm
../Core/Src/main.c:148:5:_write	32	static
../Core/Src/main.c:160:5:main	320	static
../Core/Src/main.c:398:6:SystemClock_Config	88	static
../Core/Src/main.c:444:13:MX_I2C1_Init	8	static
../Core/Src/main.c:478:13:MX_SPI1_Init	8	static
../Core/Src/main.c:516:13:MX_SPI5_Init	8	static
../Core/Src/main.c:553:13:MX_TIM3_Init	48	static
../Core/Src/main.c:614:13:MX_USART1_UART_Init	8	static
../Core/Src/main.c:647:13:MX_USART2_UART_Init	8	static
../Core/Src/main.c:678:13:MX_DMA_Init	16	static
../Core/Src/main.c:705:13:MX_GPIO_Init	56	static
../Core/Src/main.c:822:6:HAL_SPI_TxRxCpltCallback	16	static
../Core/Src/main.c:829:6:Process_TELEM_Command	80	static
../Core/Src/main.c:885:10:get_timer_channel	16	static
../Core/Src/main.c:894:6:ESC_SetThrottle	32	static
../Core/Src/main.c:918:6:ESC_ArmAll	16	static
../Core/Src/main.c:946:6:Process_Lidar_DMA	16	static
../Core/Src/main.c:971:13:I2C1_Scan	16	static
../Core/Src/main.c:985:6:Error_Handler	4	static,ignoring_inline_asm
