../Drivers/CMSIS/Include/core_cm4.h:2064:26:ITM_SendChar	16	static,ignoring_inline_asm
../Core/Src/main.c:131:6:Navigation_Init	24	static
../Core/Src/main.c:340:5:_write	32	static
../Core/Src/main.c:352:5:main	112	static,ignoring_inline_asm
../Core/Src/main.c:712:6:SystemClock_Config	88	static
../Core/Src/main.c:758:13:MX_I2C1_Init	8	static
../Core/Src/main.c:792:13:MX_SPI1_Init	8	static
../Core/Src/main.c:830:13:MX_SPI5_Init	8	static
../Core/Src/main.c:867:13:MX_TIM3_Init	48	static
../Core/Src/main.c:928:13:MX_USART1_UART_Init	8	static
../Core/Src/main.c:961:13:MX_USART2_UART_Init	8	static
../Core/Src/main.c:992:13:MX_DMA_Init	16	static
../Core/Src/main.c:1026:13:MX_GPIO_Init	56	static
../Core/Src/main.c:1142:6:start_control	136	static,ignoring_inline_asm
../Core/Src/main.c:1593:13:SPI5_ArmNextFrame	16	static
../Core/Src/main.c:1625:6:HAL_I2C_MasterTxCpltCallback	16	static
../Core/Src/main.c:1631:6:HAL_I2C_MasterRxCpltCallback	16	static
../Core/Src/main.c:1638:6:HAL_SPI_TxRxCpltCallback	16	static
../Core/Src/main.c:1648:6:HAL_SPI_ErrorCallback	16	static
../Core/Src/main.c:1659:6:Process_TELEM_Command	104	static
../Core/Src/main.c:1764:10:get_timer_channel	16	static
../Core/Src/main.c:1773:6:ESC_SetThrottle	32	static
../Core/Src/main.c:1797:6:ESC_SetThrottle_Safe	16	static
../Core/Src/main.c:1804:6:Trigger_Motor_Pulse	24	static
../Core/Src/main.c:1815:6:Update_Pulse_Manager	8	static
../Core/Src/main.c:1825:6:run_autotune_step	16	static
../Core/Src/main.c:1888:6:ESC_ArmAll	16	static
../Core/Src/main.c:1923:6:Process_Lidar_DMA	16	static
../Core/Src/main.c:1947:13:I2C1_Scan	16	static
../Core/Src/main.c:1961:6:Error_Handler	4	static,ignoring_inline_asm
