../Drivers/CMSIS/Include/core_cm4.h:2064:26:ITM_SendChar	16	static,ignoring_inline_asm
../Core/Src/main.c:148:5:_write	32	static
../Core/Src/main.c:160:5:main	104	static
../Core/Src/main.c:399:6:SystemClock_Config	88	static
../Core/Src/main.c:445:13:MX_I2C1_Init	8	static
../Core/Src/main.c:479:13:MX_SPI1_Init	8	static
../Core/Src/main.c:517:13:MX_SPI5_Init	8	static
../Core/Src/main.c:554:13:MX_TIM3_Init	48	static
../Core/Src/main.c:615:13:MX_USART1_UART_Init	8	static
../Core/Src/main.c:648:13:MX_USART2_UART_Init	8	static
../Core/Src/main.c:679:13:MX_DMA_Init	16	static
../Core/Src/main.c:706:13:MX_GPIO_Init	56	static
../Core/Src/main.c:823:6:HAL_SPI_TxRxCpltCallback	16	static
../Core/Src/main.c:830:6:Process_TELEM_Command	80	static
../Core/Src/main.c:886:10:get_timer_channel	16	static
../Core/Src/main.c:895:6:ESC_SetThrottle	32	static
../Core/Src/main.c:919:6:ESC_ArmAll	16	static
../Core/Src/main.c:947:6:Process_Lidar_DMA	16	static
../Core/Src/main.c:972:13:I2C1_Scan	16	static
../Core/Src/main.c:986:6:Error_Handler	4	static,ignoring_inline_asm
